2026-08-10T16:30:28: 
2026-08-10T16:30:28:   .   ____          _            __ _ _
2026-08-10T16:30:28:  /\\ / ___'_ __ _ _(_)_ __  __ _ \ \ \ \
2026-08-10T16:30:28: ( ( )\___ | '_ | '_| | '_ \/ _` | \ \ \ \
2026-08-10T16:30:28:  \\/  ___)| |_)| | | | | || (_| |  ) ) ) )
2026-08-10T16:30:28:   '  |____| .__|_| |_|_| |_\__, | / / / /
2026-08-10T16:30:28:  =========|_|==============|___/=/_/_/_/
2026-08-10T16:30:28: 
2026-08-10T16:30:28:  :: Spring Boot ::               (v3.5.16)
2026-08-10T16:30:28: 
2026-08-10T16:30:28: 2026-08-10T16:30:28.480-03:00  INFO 11004 --- [fastrelax-api] [           main] b.r.f.FastrelaxApiApplication            : Starting FastrelaxApiApplication v1.0.0 using Java 21.0.2 with PID 11004 (C:\Users\RafaelCosta\projects\lanx\FastRelax\fastrelax-api\target\fastrelax-api-1.0.0.jar started by RafaelCosta in C:\Users\RafaelCosta\projects\lanx\FastRelax\fastrelax-api)
2026-08-10T16:30:28: 2026-08-10T16:30:28.483-03:00  INFO 11004 --- [fastrelax-api] [           main] b.r.f.FastrelaxApiApplication            : The following 1 profile is active: "prod"
2026-08-10T16:30:29: 2026-08-10T16:30:29.858-03:00  INFO 11004 --- [fastrelax-api] [           main] .s.d.r.c.RepositoryConfigurationDelegate : Bootstrapping Spring Data JPA repositories in DEFAULT mode.
2026-08-10T16:30:29: 2026-08-10T16:30:29.934-03:00  INFO 11004 --- [fastrelax-api] [           main] .s.d.r.c.RepositoryConfigurationDelegate : Finished Spring Data repository scanning in 73 ms. Found 8 JPA repository interfaces.
2026-08-10T16:30:31: 2026-08-10T16:30:31.857-03:00  INFO 11004 --- [fastrelax-api] [           main] o.s.b.w.embedded.tomcat.TomcatWebServer  : Tomcat initialized with port 8090 (http)
2026-08-10T16:30:31: 2026-08-10T16:30:31.891-03:00  INFO 11004 --- [fastrelax-api] [           main] o.apache.catalina.core.StandardService   : Starting service [Tomcat]
2026-08-10T16:30:31: 2026-08-10T16:30:31.891-03:00  INFO 11004 --- [fastrelax-api] [           main] o.apache.catalina.core.StandardEngine    : Starting Servlet engine: [Apache Tomcat/10.1.55]
2026-08-10T16:30:31: 2026-08-10T16:30:31.940-03:00  INFO 11004 --- [fastrelax-api] [           main] o.a.c.c.C.[.[localhost].[/api/v1]        : Initializing Spring embedded WebApplicationContext
2026-08-10T16:30:31: 2026-08-10T16:30:31.945-03:00  INFO 11004 --- [fastrelax-api] [           main] w.s.c.ServletWebServerApplicationContext : Root WebApplicationContext: initialization completed in 3381 ms
2026-08-10T16:30:32: 2026-08-10T16:30:32.552-03:00 DEBUG 11004 --- [fastrelax-api] [           main] o.f.c.i.s.classpath.ClassPathScanner     : Scanning for classpath resources at 'classpath:db/callback' ...
2026-08-10T16:30:32: 2026-08-10T16:30:32.552-03:00 DEBUG 11004 --- [fastrelax-api] [           main] o.f.c.i.s.classpath.ClassPathScanner     : Determining location urls for classpath:db/callback using ClassLoader TomcatEmbeddedWebappClassLoader
2026-08-10T16:30:32:   context: api#v1
2026-08-10T16:30:32:   delegate: true
2026-08-10T16:30:32: ----------> Parent Classloader:
2026-08-10T16:30:32: org.springframework.boot.loader.launch.LaunchedClassLoader@1f17ae12
2026-08-10T16:30:32:  ...
2026-08-10T16:30:32: 2026-08-10T16:30:32.552-03:00 DEBUG 11004 --- [fastrelax-api] [           main] o.f.c.i.s.classpath.ClassPathScanner     : Unable to resolve location classpath:db/callback.
2026-08-10T16:30:32: 2026-08-10T16:30:32.552-03:00 DEBUG 11004 --- [fastrelax-api] [           main] o.f.c.i.s.classpath.ClassPathScanner     : Scanning for classpath resources at 'classpath:db/migration' ...
2026-08-10T16:30:32: 2026-08-10T16:30:32.552-03:00 DEBUG 11004 --- [fastrelax-api] [           main] o.f.c.i.s.classpath.ClassPathScanner     : Determining location urls for classpath:db/migration using ClassLoader TomcatEmbeddedWebappClassLoader
2026-08-10T16:30:32:   context: api#v1
2026-08-10T16:30:32:   delegate: true
2026-08-10T16:30:32: ----------> Parent Classloader:
2026-08-10T16:30:32: org.springframework.boot.loader.launch.LaunchedClassLoader@1f17ae12
2026-08-10T16:30:32:  ...
2026-08-10T16:30:32: 2026-08-10T16:30:32.552-03:00 DEBUG 11004 --- [fastrelax-api] [           main] o.f.c.i.s.classpath.ClassPathScanner     : Scanning URL: jar:nested:/C:/Users/RafaelCosta/projects/lanx/FastRelax/fastrelax-api/target/fastrelax-api-1.0.0.jar/!BOOT-INF/classes/!/db/migration
2026-08-10T16:30:32: 2026-08-10T16:30:32.558-03:00 DEBUG 11004 --- [fastrelax-api] [           main] o.f.c.i.s.classpath.ClassPathScanner     : Found resource: db/migration/
2026-08-10T16:30:32: 2026-08-10T16:30:32.558-03:00 DEBUG 11004 --- [fastrelax-api] [           main] o.f.c.i.s.classpath.ClassPathScanner     : Found resource: db/migration/V1__initial_schema.sql
2026-08-10T16:30:32: 2026-08-10T16:30:32.558-03:00 DEBUG 11004 --- [fastrelax-api] [           main] o.f.c.i.s.classpath.ClassPathScanner     : Scanning for classes at classpath:db/migration
2026-08-10T16:30:32: 2026-08-10T16:30:32.564-03:00  INFO 11004 --- [fastrelax-api] [           main] com.zaxxer.hikari.HikariDataSource       : HikariPool-1 - Starting...
2026-08-10T16:30:33: 2026-08-10T16:30:33.059-03:00  INFO 11004 --- [fastrelax-api] [           main] com.zaxxer.hikari.pool.HikariPool        : HikariPool-1 - Added connection org.postgresql.jdbc.PgConnection@26c59348
2026-08-10T16:30:33: 2026-08-10T16:30:33.066-03:00  INFO 11004 --- [fastrelax-api] [           main] com.zaxxer.hikari.HikariDataSource       : HikariPool-1 - Start completed.
2026-08-10T16:30:33: 2026-08-10T16:30:33.112-03:00 DEBUG 11004 --- [fastrelax-api] [           main] o.f.core.internal.scanner.Scanner        : Filtering out resource: db/migration/ (filename: )
2026-08-10T16:30:33: 2026-08-10T16:30:33.112-03:00 DEBUG 11004 --- [fastrelax-api] [           main] o.f.c.i.resource.ResourceNameValidator   : Validating V1__initial_schema.sql
2026-08-10T16:30:33: 2026-08-10T16:30:33.124-03:00 DEBUG 11004 --- [fastrelax-api] [           main] o.f.c.i.database.DatabaseTypeRegister    : Multiple databases found that handle url 'jdbc:postgresql://localhost:5432/fastrelax': CockroachDB,PostgreSQL
2026-08-10T16:30:33: 2026-08-10T16:30:33.125-03:00  INFO 11004 --- [fastrelax-api] [           main] org.flywaydb.core.FlywayExecutor         : Database: jdbc:postgresql://localhost:5432/fastrelax (PostgreSQL 18.4)
2026-08-10T16:30:33: 2026-08-10T16:30:33.125-03:00 DEBUG 11004 --- [fastrelax-api] [           main] org.flywaydb.core.FlywayExecutor         : Database Type: PostgreSQL
2026-08-10T16:30:33: 2026-08-10T16:30:33.125-03:00 DEBUG 11004 --- [fastrelax-api] [           main] org.flywaydb.core.FlywayExecutor         : Driver: PostgreSQL JDBC Driver 42.7.11
2026-08-10T16:30:33: 2026-08-10T16:30:33.125-03:00 DEBUG 11004 --- [fastrelax-api] [           main] org.flywaydb.core.FlywayExecutor         : DDL Transactions Supported: true
2026-08-10T16:30:33: 2026-08-10T16:30:33.128-03:00 DEBUG 11004 --- [fastrelax-api] [           main] o.f.c.i.s.SchemaHistoryFactory           : Schemas: 
2026-08-10T16:30:33: 2026-08-10T16:30:33.128-03:00 DEBUG 11004 --- [fastrelax-api] [           main] o.f.c.i.s.SchemaHistoryFactory           : Default schema: null
2026-08-10T16:30:33: 2026-08-10T16:30:33.159-03:00  WARN 11004 --- [fastrelax-api] [           main] o.f.c.internal.database.base.Database    : Flyway upgrade recommended: PostgreSQL 18.4 is newer than this version of Flyway and support has not been tested. The latest supported version of PostgreSQL is 17.
2026-08-10T16:30:33: 2026-08-10T16:30:33.163-03:00 DEBUG 11004 --- [fastrelax-api] [           main] org.flywaydb.core.FlywayExecutor         : Scanning for script callbacks ...
2026-08-10T16:30:33: 2026-08-10T16:30:33.163-03:00 DEBUG 11004 --- [fastrelax-api] [           main] o.f.core.internal.scanner.Scanner        : Filtering out resource: db/migration/ (filename: )
2026-08-10T16:30:33: 2026-08-10T16:30:33.163-03:00 DEBUG 11004 --- [fastrelax-api] [           main] o.f.c.i.c.SqlScriptCallbackFactory       : Scanning for SQL callbacks ...
2026-08-10T16:30:33: 2026-08-10T16:30:33.163-03:00 DEBUG 11004 --- [fastrelax-api] [           main] o.f.core.internal.scanner.Scanner        : Filtering out resource: db/migration/ (filename: )
2026-08-10T16:30:33: 2026-08-10T16:30:33.186-03:00 DEBUG 11004 --- [fastrelax-api] [           main] o.f.core.internal.command.DbValidate     : Validating migrations ...
2026-08-10T16:30:33: 2026-08-10T16:30:33.191-03:00 DEBUG 11004 --- [fastrelax-api] [           main] o.f.c.a.c.ClassicConfiguration           : CherryPickConfigurationExtension not found
2026-08-10T16:30:33: 2026-08-10T16:30:33.194-03:00 DEBUG 11004 --- [fastrelax-api] [           main] o.f.core.internal.scanner.Scanner        : Filtering out resource: db/migration/ (filename: )
2026-08-10T16:30:33: 2026-08-10T16:30:33.209-03:00 DEBUG 11004 --- [fastrelax-api] [           main] o.f.core.internal.scanner.Scanner        : Filtering out resource: db/migration/ (filename: )
2026-08-10T16:30:33: 2026-08-10T16:30:33.209-03:00 DEBUG 11004 --- [fastrelax-api] [           main] o.f.core.internal.scanner.Scanner        : Filtering out resource: db/migration/V1__initial_schema.sql (filename: V1__initial_schema.sql)
2026-08-10T16:30:33: 2026-08-10T16:30:33.211-03:00 DEBUG 11004 --- [fastrelax-api] [           main] o.f.core.internal.scanner.Scanner        : Filtering out resource: db/migration/ (filename: )
2026-08-10T16:30:33: 2026-08-10T16:30:33.211-03:00 DEBUG 11004 --- [fastrelax-api] [           main] o.f.core.internal.scanner.Scanner        : Filtering out resource: db/migration/V1__initial_schema.sql (filename: V1__initial_schema.sql)
2026-08-10T16:30:33: 2026-08-10T16:30:33.211-03:00 DEBUG 11004 --- [fastrelax-api] [           main] o.f.core.internal.scanner.Scanner        : Filtering out resource: db/migration/ (filename: )
2026-08-10T16:30:33: 2026-08-10T16:30:33.213-03:00 DEBUG 11004 --- [fastrelax-api] [           main] o.f.core.internal.scanner.Scanner        : Filtering out resource: db/migration/ (filename: )
2026-08-10T16:30:33: 2026-08-10T16:30:33.213-03:00 DEBUG 11004 --- [fastrelax-api] [           main] o.f.core.internal.scanner.Scanner        : Filtering out resource: db/migration/V1__initial_schema.sql (filename: V1__initial_schema.sql)
2026-08-10T16:30:33: 2026-08-10T16:30:33.213-03:00 DEBUG 11004 --- [fastrelax-api] [           main] o.f.core.internal.scanner.Scanner        : Filtering out resource: db/migration/ (filename: )
2026-08-10T16:30:33: 2026-08-10T16:30:33.213-03:00 DEBUG 11004 --- [fastrelax-api] [           main] o.f.core.internal.scanner.Scanner        : Filtering out resource: db/migration/V1__initial_schema.sql (filename: V1__initial_schema.sql)
2026-08-10T16:30:33: 2026-08-10T16:30:33.250-03:00  INFO 11004 --- [fastrelax-api] [           main] o.f.core.internal.command.DbValidate     : Successfully validated 1 migration (execution time 00:00.062s)
2026-08-10T16:30:33: 2026-08-10T16:30:33.257-03:00 DEBUG 11004 --- [fastrelax-api] [           main] o.f.core.internal.command.DbSchemas      : Skipping creation of existing schema: "public"
2026-08-10T16:30:33: 2026-08-10T16:30:33.341-03:00 DEBUG 11004 --- [fastrelax-api] [           main] o.f.c.a.c.ClassicConfiguration           : CherryPickConfigurationExtension not found
2026-08-10T16:30:33: 2026-08-10T16:30:33.343-03:00  INFO 11004 --- [fastrelax-api] [           main] o.f.core.internal.command.DbMigrate      : Current version of schema "public": 1
2026-08-10T16:30:33: 2026-08-10T16:30:33.348-03:00  INFO 11004 --- [fastrelax-api] [           main] o.f.core.internal.command.DbMigrate      : Schema "public" is up to date. No migration necessary.
2026-08-10T16:30:33: 2026-08-10T16:30:33.360-03:00 DEBUG 11004 --- [fastrelax-api] [           main] org.flywaydb.core.FlywayExecutor         : Memory usage: 60 of 80M
2026-08-10T16:30:33: 2026-08-10T16:30:33.520-03:00  INFO 11004 --- [fastrelax-api] [           main] o.hibernate.jpa.internal.util.LogHelper  : HHH000204: Processing PersistenceUnitInfo [name: default]
2026-08-10T16:30:33: 2026-08-10T16:30:33.621-03:00  INFO 11004 --- [fastrelax-api] [           main] org.hibernate.Version                    : HHH000412: Hibernate ORM core version 6.6.53.Final
2026-08-10T16:30:33: 2026-08-10T16:30:33.689-03:00  INFO 11004 --- [fastrelax-api] [           main] o.h.c.internal.RegionFactoryInitiator    : HHH000026: Second-level cache disabled
2026-08-10T16:30:34: 2026-08-10T16:30:34.063-03:00  INFO 11004 --- [fastrelax-api] [           main] o.s.o.j.p.SpringPersistenceUnitInfo      : No LoadTimeWeaver setup: ignoring JPA class transformer
2026-08-10T16:30:34: 2026-08-10T16:30:34.164-03:00  INFO 11004 --- [fastrelax-api] [           main] org.hibernate.orm.connections.pooling    : HHH10001005: Database info:
2026-08-10T16:30:34: 	Database JDBC URL [Connecting through datasource 'HikariDataSource (HikariPool-1)']
2026-08-10T16:30:34: 	Database driver: undefined/unknown
2026-08-10T16:30:34: 	Database version: 18.4
2026-08-10T16:30:34: 	Autocommit mode: undefined/unknown
2026-08-10T16:30:34: 	Isolation level: undefined/unknown
2026-08-10T16:30:34: 	Minimum pool size: undefined/unknown
2026-08-10T16:30:34: 	Maximum pool size: undefined/unknown
2026-08-10T16:30:35: 2026-08-10T16:30:35.331-03:00  INFO 11004 --- [fastrelax-api] [           main] o.h.e.t.j.p.i.JtaPlatformInitiator       : HHH000489: No JTA platform available (set 'hibernate.transaction.jta.platform' to enable JTA platform integration)
2026-08-10T16:30:35: 2026-08-10T16:30:35.331-03:00  INFO 11004 --- [fastrelax-api] [           main] j.LocalContainerEntityManagerFactoryBean : Initialized JPA EntityManagerFactory for persistence unit 'default'
2026-08-10T16:30:35: 2026-08-10T16:30:35.813-03:00  INFO 11004 --- [fastrelax-api] [           main] o.s.d.j.r.query.QueryEnhancerFactory     : Hibernate is in classpath; If applicable, HQL parser will be used.
2026-08-10T16:30:35: 2026-08-10T16:30:35.948-03:00  INFO 11004 --- [fastrelax-api] [           main] b.r.f.c.c.ApplicationTimeZoneConfig      : Fuso horário da aplicação fixado em America/Sao_Paulo
2026-08-10T16:30:36: 2026-08-10T16:30:36.041-03:00  INFO 11004 --- [fastrelax-api] [           main] r$InitializeUserDetailsManagerConfigurer : Global AuthenticationManager configured with UserDetailsService bean with name userDetailsServiceImpl
2026-08-10T16:30:37: 2026-08-10T16:30:37.296-03:00  WARN 11004 --- [fastrelax-api] [           main] JpaBaseConfiguration$JpaWebConfiguration : spring.jpa.open-in-view is enabled by default. Therefore, database queries may be performed during view rendering. Explicitly configure spring.jpa.open-in-view to disable this warning
2026-08-10T16:30:37: 2026-08-10T16:30:37.715-03:00  INFO 11004 --- [fastrelax-api] [           main] o.s.b.a.e.web.EndpointLinksResolver      : Exposing 2 endpoints beneath base path '/actuator'
2026-08-10T16:30:37: 2026-08-10T16:30:37.911-03:00 DEBUG 11004 --- [fastrelax-api] [           main] o.s.s.web.DefaultSecurityFilterChain     : Will secure any request with filters: DisableEncodeUrlFilter, WebAsyncManagerIntegrationFilter, SecurityContextHolderFilter, HeaderWriterFilter, CorsFilter, LogoutFilter, SecurityFilter, PasswordChangeRequiredFilter, RequestCacheAwareFilter, SecurityContextHolderAwareRequestFilter, AnonymousAuthenticationFilter, SessionManagementFilter, ExceptionTranslationFilter, AuthorizationFilter
2026-08-10T16:30:38: 2026-08-10T16:30:38.427-03:00  INFO 11004 --- [fastrelax-api] [           main] o.s.b.w.embedded.tomcat.TomcatWebServer  : Tomcat started on port 8090 (http) with context path '/api/v1'
2026-08-10T16:30:38: 2026-08-10T16:30:38.449-03:00  INFO 11004 --- [fastrelax-api] [           main] b.r.f.FastrelaxApiApplication            : Started FastrelaxApiApplication in 10.555 seconds (process running for 11.282)
2026-08-10T16:30:38: 2026-08-10T16:30:38.559-03:00 DEBUG 11004 --- [fastrelax-api] [   scheduling-1] org.hibernate.SQL                        : 
2026-08-10T16:30:38:     select
2026-08-10T16:30:38:         ss1_0.id,
2026-08-10T16:30:38:         ss1_0.created_at,
2026-08-10T16:30:38:         ss1_0.default_duration_minutes,
2026-08-10T16:30:38:         ss1_0.max_advance_days,
2026-08-10T16:30:38:         ss1_0.start_grace_minutes,
2026-08-10T16:30:38:         ss1_0.updated_at 
2026-08-10T16:30:38:     from
2026-08-10T16:30:38:         session_settings ss1_0 
2026-08-10T16:30:38:     order by
2026-08-10T16:30:38:         ss1_0.id 
2026-08-10T16:30:38:     fetch
2026-08-10T16:30:38:         first ? rows only
2026-08-10T16:30:38: Hibernate: 
2026-08-10T16:30:38:     select
2026-08-10T16:30:38:         ss1_0.id,
2026-08-10T16:30:38:         ss1_0.created_at,
2026-08-10T16:30:38:         ss1_0.default_duration_minutes,
2026-08-10T16:30:38:         ss1_0.max_advance_days,
2026-08-10T16:30:38:         ss1_0.start_grace_minutes,
2026-08-10T16:30:38:         ss1_0.updated_at 
2026-08-10T16:30:38:     from
2026-08-10T16:30:38:         session_settings ss1_0 
2026-08-10T16:30:38:     order by
2026-08-10T16:30:38:         ss1_0.id 
2026-08-10T16:30:38:     fetch
2026-08-10T16:30:38:         first ? rows only
2026-08-10T16:30:38: 2026-08-10T16:30:38.625-03:00 DEBUG 11004 --- [fastrelax-api] [           main] org.hibernate.SQL                        : 
2026-08-10T16:30:38:     select
2026-08-10T16:30:38:         u1_0.id,
2026-08-10T16:30:38:         u1_0.active,
2026-08-10T16:30:38:         u1_0.created_at,
2026-08-10T16:30:38:         u1_0.deleted_at,
2026-08-10T16:30:38:         u1_0.email,
2026-08-10T16:30:38:         u1_0.must_change_password,
2026-08-10T16:30:38:         u1_0.name,
2026-08-10T16:30:38:         u1_0.password_hash,
2026-08-10T16:30:38:         u1_0.role,
2026-08-10T16:30:38:         u1_0.updated_at 
2026-08-10T16:30:38:     from
2026-08-10T16:30:38:         users u1_0 
2026-08-10T16:30:38:     where
2026-08-10T16:30:38:         (
2026-08-10T16:30:38:             u1_0.deleted_at IS NULL
2026-08-10T16:30:38:         ) 
2026-08-10T16:30:38:         and u1_0.email=?
2026-08-10T16:30:38: Hibernate: 
2026-08-10T16:30:38:     select
2026-08-10T16:30:38:         u1_0.id,
2026-08-10T16:30:38:         u1_0.active,
2026-08-10T16:30:38:         u1_0.created_at,
2026-08-10T16:30:38:         u1_0.deleted_at,
2026-08-10T16:30:38:         u1_0.email,
2026-08-10T16:30:38:         u1_0.must_change_password,
2026-08-10T16:30:38:         u1_0.name,
2026-08-10T16:30:38:         u1_0.password_hash,
2026-08-10T16:30:38:         u1_0.role,
2026-08-10T16:30:38:         u1_0.updated_at 
2026-08-10T16:30:38:     from
2026-08-10T16:30:38:         users u1_0 
2026-08-10T16:30:38:     where
2026-08-10T16:30:38:         (
2026-08-10T16:30:38:             u1_0.deleted_at IS NULL
2026-08-10T16:30:38:         ) 
2026-08-10T16:30:38:         and u1_0.email=?
2026-08-10T16:30:38: 2026-08-10T16:30:38.629-03:00  INFO 11004 --- [fastrelax-api] [           main] b.r.f.core.config.AdminSeeder            : Database Seeder: Usuário ADMIN já existe. Nenhuma ação necessária.
2026-08-10T16:30:38: 2026-08-10T16:30:38.638-03:00 DEBUG 11004 --- [fastrelax-api] [   scheduling-1] org.hibernate.SQL                        : 
2026-08-10T16:30:38:     select
2026-08-10T16:30:38:         cs1_0.id,
2026-08-10T16:30:38:         cs1_0.collaborator_id,
2026-08-10T16:30:38:         cs1_0.created_at,
2026-08-10T16:30:38:         cs1_0.end_time,
2026-08-10T16:30:38:         cs1_0.finished_at,
2026-08-10T16:30:38:         cs1_0.session_date,
2026-08-10T16:30:38:         cs1_0.start_time,
2026-08-10T16:30:38:         cs1_0.started_at,
2026-08-10T16:30:38:         cs1_0.status 
2026-08-10T16:30:38:     from
2026-08-10T16:30:38:         collaborator_sessions cs1_0 
2026-08-10T16:30:38:     where
2026-08-10T16:30:38:         cs1_0.status in (?, ?) 
2026-08-10T16:30:38:         and cs1_0.session_date<=?
2026-08-10T16:30:38: Hibernate: 
2026-08-10T16:30:38:     select
2026-08-10T16:30:38:         cs1_0.id,
2026-08-10T16:30:38:         cs1_0.collaborator_id,
2026-08-10T16:30:38:         cs1_0.created_at,
2026-08-10T16:30:38:         cs1_0.end_time,
2026-08-10T16:30:38:         cs1_0.finished_at,
2026-08-10T16:30:38:         cs1_0.session_date,
2026-08-10T16:30:38:         cs1_0.start_time,
2026-08-10T16:30:38:         cs1_0.started_at,
2026-08-10T16:30:38:         cs1_0.status 
2026-08-10T16:30:38:     from
2026-08-10T16:30:38:         collaborator_sessions cs1_0 
2026-08-10T16:30:38:     where
2026-08-10T16:30:38:         cs1_0.status in (?, ?) 
2026-08-10T16:30:38:         and cs1_0.session_date<=?
2026-08-10T16:31:08: 2026-08-10T16:31:08.676-03:00 DEBUG 11004 --- [fastrelax-api] [   scheduling-1] org.hibernate.SQL                        : 
2026-08-10T16:31:08:     select
2026-08-10T16:31:08:         ss1_0.id,
2026-08-10T16:31:08:         ss1_0.created_at,
2026-08-10T16:31:08:         ss1_0.default_duration_minutes,
2026-08-10T16:31:08:         ss1_0.max_advance_days,
2026-08-10T16:31:08:         ss1_0.start_grace_minutes,
2026-08-10T16:31:08:         ss1_0.updated_at 
2026-08-10T16:31:08:     from
2026-08-10T16:31:08:         session_settings ss1_0 
2026-08-10T16:31:08:     order by
2026-08-10T16:31:08:         ss1_0.id 
2026-08-10T16:31:08:     fetch
2026-08-10T16:31:08:         first ? rows only
2026-08-10T16:31:08: Hibernate: 
2026-08-10T16:31:08:     select
2026-08-10T16:31:08:         ss1_0.id,
2026-08-10T16:31:08:         ss1_0.created_at,
2026-08-10T16:31:08:         ss1_0.default_duration_minutes,
2026-08-10T16:31:08:         ss1_0.max_advance_days,
2026-08-10T16:31:08:         ss1_0.start_grace_minutes,
2026-08-10T16:31:08:         ss1_0.updated_at 
2026-08-10T16:31:08:     from
2026-08-10T16:31:08:         session_settings ss1_0 
2026-08-10T16:31:08:     order by
2026-08-10T16:31:08:         ss1_0.id 
2026-08-10T16:31:08:     fetch
2026-08-10T16:31:08:         first ? rows only
2026-08-10T16:31:08: 2026-08-10T16:31:08.680-03:00 DEBUG 11004 --- [fastrelax-api] [   scheduling-1] org.hibernate.SQL                        : 
2026-08-10T16:31:08:     select
2026-08-10T16:31:08:         cs1_0.id,
2026-08-10T16:31:08:         cs1_0.collaborator_id,
2026-08-10T16:31:08:         cs1_0.created_at,
2026-08-10T16:31:08:         cs1_0.end_time,
2026-08-10T16:31:08:         cs1_0.finished_at,
2026-08-10T16:31:08:         cs1_0.session_date,
2026-08-10T16:31:08:         cs1_0.start_time,
2026-08-10T16:31:08:         cs1_0.started_at,
2026-08-10T16:31:08:         cs1_0.status 
2026-08-10T16:31:08:     from
2026-08-10T16:31:08:         collaborator_sessions cs1_0 
2026-08-10T16:31:08:     where
2026-08-10T16:31:08:         cs1_0.status in (?, ?) 
2026-08-10T16:31:08:         and cs1_0.session_date<=?
2026-08-10T16:31:08: Hibernate: 
2026-08-10T16:31:08:     select
2026-08-10T16:31:08:         cs1_0.id,
2026-08-10T16:31:08:         cs1_0.collaborator_id,
2026-08-10T16:31:08:         cs1_0.created_at,
2026-08-10T16:31:08:         cs1_0.end_time,
2026-08-10T16:31:08:         cs1_0.finished_at,
2026-08-10T16:31:08:         cs1_0.session_date,
2026-08-10T16:31:08:         cs1_0.start_time,
2026-08-10T16:31:08:         cs1_0.started_at,
2026-08-10T16:31:08:         cs1_0.status 
2026-08-10T16:31:08:     from
2026-08-10T16:31:08:         collaborator_sessions cs1_0 
2026-08-10T16:31:08:     where
2026-08-10T16:31:08:         cs1_0.status in (?, ?) 
2026-08-10T16:31:08:         and cs1_0.session_date<=?
2026-08-10T16:31:09: 2026-08-10T16:31:09.718-03:00  INFO 11004 --- [fastrelax-api] [nio-8090-exec-1] o.a.c.c.C.[.[localhost].[/api/v1]        : Initializing Spring DispatcherServlet 'dispatcherServlet'
2026-08-10T16:31:09: 2026-08-10T16:31:09.719-03:00  INFO 11004 --- [fastrelax-api] [nio-8090-exec-1] o.s.web.servlet.DispatcherServlet        : Initializing Servlet 'dispatcherServlet'
2026-08-10T16:31:09: 2026-08-10T16:31:09.721-03:00  INFO 11004 --- [fastrelax-api] [nio-8090-exec-1] o.s.web.servlet.DispatcherServlet        : Completed initialization in 2 ms
2026-08-10T16:31:09: 2026-08-10T16:31:09.752-03:00 DEBUG 11004 --- [fastrelax-api] [nio-8090-exec-1] o.s.security.web.FilterChainProxy        : Securing GET /swagger-ui/index.html
2026-08-10T16:31:09: 2026-08-10T16:31:09.765-03:00 DEBUG 11004 --- [fastrelax-api] [nio-8090-exec-1] o.s.s.w.a.AnonymousAuthenticationFilter  : Set SecurityContextHolder to anonymous SecurityContext
2026-08-10T16:31:09: 2026-08-10T16:31:09.777-03:00 DEBUG 11004 --- [fastrelax-api] [nio-8090-exec-1] o.s.security.web.FilterChainProxy        : Secured GET /swagger-ui/index.html
2026-08-10T16:31:10: 2026-08-10T16:31:10.066-03:00 DEBUG 11004 --- [fastrelax-api] [nio-8090-exec-3] o.s.security.web.FilterChainProxy        : Securing GET /swagger-ui/index.css
2026-08-10T16:31:10: 2026-08-10T16:31:10.069-03:00 DEBUG 11004 --- [fastrelax-api] [nio-8090-exec-2] o.s.security.web.FilterChainProxy        : Securing GET /swagger-ui/swagger-ui.css
2026-08-10T16:31:10: 2026-08-10T16:31:10.080-03:00 DEBUG 11004 --- [fastrelax-api] [nio-8090-exec-3] o.s.s.w.a.AnonymousAuthenticationFilter  : Set SecurityContextHolder to anonymous SecurityContext
2026-08-10T16:31:10: 2026-08-10T16:31:10.080-03:00 DEBUG 11004 --- [fastrelax-api] [nio-8090-exec-2] o.s.s.w.a.AnonymousAuthenticationFilter  : Set SecurityContextHolder to anonymous SecurityContext
2026-08-10T16:31:10: 2026-08-10T16:31:10.080-03:00 DEBUG 11004 --- [fastrelax-api] [nio-8090-exec-2] o.s.security.web.FilterChainProxy        : Secured GET /swagger-ui/swagger-ui.css
2026-08-10T16:31:10: 2026-08-10T16:31:10.082-03:00 DEBUG 11004 --- [fastrelax-api] [nio-8090-exec-3] o.s.security.web.FilterChainProxy        : Secured GET /swagger-ui/index.css
2026-08-10T16:31:10: 2026-08-10T16:31:10.074-03:00 DEBUG 11004 --- [fastrelax-api] [nio-8090-exec-5] o.s.security.web.FilterChainProxy        : Securing GET /swagger-ui/swagger-ui-standalone-preset.js
2026-08-10T16:31:10: 2026-08-10T16:31:10.083-03:00 DEBUG 11004 --- [fastrelax-api] [nio-8090-exec-6] o.s.security.web.FilterChainProxy        : Securing GET /swagger-ui/swagger-initializer.js
2026-08-10T16:31:10: 2026-08-10T16:31:10.083-03:00 DEBUG 11004 --- [fastrelax-api] [nio-8090-exec-5] o.s.s.w.a.AnonymousAuthenticationFilter  : Set SecurityContextHolder to anonymous SecurityContext
2026-08-10T16:31:10: 2026-08-10T16:31:10.084-03:00 DEBUG 11004 --- [fastrelax-api] [nio-8090-exec-6] o.s.s.w.a.AnonymousAuthenticationFilter  : Set SecurityContextHolder to anonymous SecurityContext
2026-08-10T16:31:10: 2026-08-10T16:31:10.084-03:00 DEBUG 11004 --- [fastrelax-api] [nio-8090-exec-4] o.s.security.web.FilterChainProxy        : Securing GET /swagger-ui/swagger-ui-bundle.js
2026-08-10T16:31:10: 2026-08-10T16:31:10.084-03:00 DEBUG 11004 --- [fastrelax-api] [nio-8090-exec-5] o.s.security.web.FilterChainProxy        : Secured GET /swagger-ui/swagger-ui-standalone-preset.js
2026-08-10T16:31:10: 2026-08-10T16:31:10.088-03:00 DEBUG 11004 --- [fastrelax-api] [nio-8090-exec-4] o.s.s.w.a.AnonymousAuthenticationFilter  : Set SecurityContextHolder to anonymous SecurityContext
2026-08-10T16:31:10: 2026-08-10T16:31:10.090-03:00 DEBUG 11004 --- [fastrelax-api] [nio-8090-exec-6] o.s.security.web.FilterChainProxy        : Secured GET /swagger-ui/swagger-initializer.js
2026-08-10T16:31:10: 2026-08-10T16:31:10.094-03:00 DEBUG 11004 --- [fastrelax-api] [nio-8090-exec-4] o.s.security.web.FilterChainProxy        : Secured GET /swagger-ui/swagger-ui-bundle.js
2026-08-10T16:31:10: 2026-08-10T16:31:10.514-03:00 DEBUG 11004 --- [fastrelax-api] [nio-8090-exec-7] o.s.security.web.FilterChainProxy        : Securing GET /v3/api-docs/swagger-config
2026-08-10T16:31:10: 2026-08-10T16:31:10.513-03:00 DEBUG 11004 --- [fastrelax-api] [nio-8090-exec-8] o.s.security.web.FilterChainProxy        : Securing GET /swagger-ui/favicon-32x32.png
2026-08-10T16:31:10: 2026-08-10T16:31:10.516-03:00 DEBUG 11004 --- [fastrelax-api] [nio-8090-exec-8] o.s.s.w.a.AnonymousAuthenticationFilter  : Set SecurityContextHolder to anonymous SecurityContext
2026-08-10T16:31:10: 2026-08-10T16:31:10.518-03:00 DEBUG 11004 --- [fastrelax-api] [nio-8090-exec-7] o.s.s.w.a.AnonymousAuthenticationFilter  : Set SecurityContextHolder to anonymous SecurityContext
2026-08-10T16:31:10: 2026-08-10T16:31:10.521-03:00 DEBUG 11004 --- [fastrelax-api] [nio-8090-exec-7] o.s.security.web.FilterChainProxy        : Secured GET /v3/api-docs/swagger-config
2026-08-10T16:31:10: 2026-08-10T16:31:10.522-03:00 DEBUG 11004 --- [fastrelax-api] [nio-8090-exec-8] o.s.security.web.FilterChainProxy        : Secured GET /swagger-ui/favicon-32x32.png
2026-08-10T16:31:10: 2026-08-10T16:31:10.582-03:00 DEBUG 11004 --- [fastrelax-api] [nio-8090-exec-9] o.s.security.web.FilterChainProxy        : Securing GET /v3/api-docs
2026-08-10T16:31:10: 2026-08-10T16:31:10.584-03:00 DEBUG 11004 --- [fastrelax-api] [nio-8090-exec-9] o.s.s.w.a.AnonymousAuthenticationFilter  : Set SecurityContextHolder to anonymous SecurityContext
2026-08-10T16:31:10: 2026-08-10T16:31:10.585-03:00 DEBUG 11004 --- [fastrelax-api] [nio-8090-exec-9] o.s.security.web.FilterChainProxy        : Secured GET /v3/api-docs
2026-08-10T16:31:13: 2026-08-10T16:31:13.056-03:00  INFO 11004 --- [fastrelax-api] [nio-8090-exec-9] o.springdoc.api.AbstractOpenApiResource  : Init duration for springdoc-openapi is: 2456 ms
2026-08-10T16:31:16: 2026-08-10T16:31:16.595-03:00 DEBUG 11004 --- [fastrelax-api] [io-8090-exec-10] o.s.security.web.FilterChainProxy        : Securing GET /swagger-ui/index.html
2026-08-10T16:31:16: 2026-08-10T16:31:16.595-03:00 DEBUG 11004 --- [fastrelax-api] [io-8090-exec-10] o.s.s.w.a.AnonymousAuthenticationFilter  : Set SecurityContextHolder to anonymous SecurityContext
2026-08-10T16:31:16: 2026-08-10T16:31:16.595-03:00 DEBUG 11004 --- [fastrelax-api] [io-8090-exec-10] o.s.security.web.FilterChainProxy        : Secured GET /swagger-ui/index.html
2026-08-10T16:31:16: 2026-08-10T16:31:16.638-03:00 DEBUG 11004 --- [fastrelax-api] [nio-8090-exec-2] o.s.security.web.FilterChainProxy        : Securing GET /swagger-ui/swagger-ui-bundle.js
2026-08-10T16:31:16: 2026-08-10T16:31:16.638-03:00 DEBUG 11004 --- [fastrelax-api] [nio-8090-exec-2] o.s.s.w.a.AnonymousAuthenticationFilter  : Set SecurityContextHolder to anonymous SecurityContext
2026-08-10T16:31:16: 2026-08-10T16:31:16.640-03:00 DEBUG 11004 --- [fastrelax-api] [nio-8090-exec-5] o.s.security.web.FilterChainProxy        : Securing GET /swagger-ui/swagger-ui-standalone-preset.js
2026-08-10T16:31:16: 2026-08-10T16:31:16.640-03:00 DEBUG 11004 --- [fastrelax-api] [nio-8090-exec-6] o.s.security.web.FilterChainProxy        : Securing GET /swagger-ui/swagger-initializer.js
2026-08-10T16:31:16: 2026-08-10T16:31:16.641-03:00 DEBUG 11004 --- [fastrelax-api] [nio-8090-exec-3] o.s.security.web.FilterChainProxy        : Securing GET /swagger-ui/index.css
2026-08-10T16:31:16: 2026-08-10T16:31:16.642-03:00 DEBUG 11004 --- [fastrelax-api] [nio-8090-exec-6] o.s.s.w.a.AnonymousAuthenticationFilter  : Set SecurityContextHolder to anonymous SecurityContext
2026-08-10T16:31:16: 2026-08-10T16:31:16.642-03:00 DEBUG 11004 --- [fastrelax-api] [nio-8090-exec-1] o.s.security.web.FilterChainProxy        : Securing GET /swagger-ui/swagger-ui.css
2026-08-10T16:31:16: 2026-08-10T16:31:16.643-03:00 DEBUG 11004 --- [fastrelax-api] [nio-8090-exec-2] o.s.security.web.FilterChainProxy        : Secured GET /swagger-ui/swagger-ui-bundle.js
2026-08-10T16:31:16: 2026-08-10T16:31:16.645-03:00 DEBUG 11004 --- [fastrelax-api] [nio-8090-exec-1] o.s.s.w.a.AnonymousAuthenticationFilter  : Set SecurityContextHolder to anonymous SecurityContext
2026-08-10T16:31:16: 2026-08-10T16:31:16.644-03:00 DEBUG 11004 --- [fastrelax-api] [nio-8090-exec-3] o.s.s.w.a.AnonymousAuthenticationFilter  : Set SecurityContextHolder to anonymous SecurityContext
2026-08-10T16:31:16: 2026-08-10T16:31:16.647-03:00 DEBUG 11004 --- [fastrelax-api] [nio-8090-exec-3] o.s.security.web.FilterChainProxy        : Secured GET /swagger-ui/index.css
2026-08-10T16:31:16: 2026-08-10T16:31:16.647-03:00 DEBUG 11004 --- [fastrelax-api] [nio-8090-exec-1] o.s.security.web.FilterChainProxy        : Secured GET /swagger-ui/swagger-ui.css
2026-08-10T16:31:16: 2026-08-10T16:31:16.650-03:00 DEBUG 11004 --- [fastrelax-api] [nio-8090-exec-5] o.s.s.w.a.AnonymousAuthenticationFilter  : Set SecurityContextHolder to anonymous SecurityContext
2026-08-10T16:31:16: 2026-08-10T16:31:16.651-03:00 DEBUG 11004 --- [fastrelax-api] [nio-8090-exec-6] o.s.security.web.FilterChainProxy        : Secured GET /swagger-ui/swagger-initializer.js
2026-08-10T16:31:16: 2026-08-10T16:31:16.652-03:00 DEBUG 11004 --- [fastrelax-api] [nio-8090-exec-5] o.s.security.web.FilterChainProxy        : Secured GET /swagger-ui/swagger-ui-standalone-preset.js
2026-08-10T16:31:16: 2026-08-10T16:31:16.758-03:00 DEBUG 11004 --- [fastrelax-api] [nio-8090-exec-4] o.s.security.web.FilterChainProxy        : Securing GET /v3/api-docs/swagger-config
2026-08-10T16:31:16: 2026-08-10T16:31:16.758-03:00 DEBUG 11004 --- [fastrelax-api] [nio-8090-exec-4] o.s.s.w.a.AnonymousAuthenticationFilter  : Set SecurityContextHolder to anonymous SecurityContext
2026-08-10T16:31:16: 2026-08-10T16:31:16.758-03:00 DEBUG 11004 --- [fastrelax-api] [nio-8090-exec-8] o.s.security.web.FilterChainProxy        : Securing GET /swagger-ui/favicon-32x32.png
2026-08-10T16:31:16: 2026-08-10T16:31:16.758-03:00 DEBUG 11004 --- [fastrelax-api] [nio-8090-exec-8] o.s.s.w.a.AnonymousAuthenticationFilter  : Set SecurityContextHolder to anonymous SecurityContext
2026-08-10T16:31:16: 2026-08-10T16:31:16.758-03:00 DEBUG 11004 --- [fastrelax-api] [nio-8090-exec-4] o.s.security.web.FilterChainProxy        : Secured GET /v3/api-docs/swagger-config
2026-08-10T16:31:16: 2026-08-10T16:31:16.764-03:00 DEBUG 11004 --- [fastrelax-api] [nio-8090-exec-8] o.s.security.web.FilterChainProxy        : Secured GET /swagger-ui/favicon-32x32.png
2026-08-10T16:31:16: 2026-08-10T16:31:16.778-03:00 DEBUG 11004 --- [fastrelax-api] [nio-8090-exec-7] o.s.security.web.FilterChainProxy        : Securing GET /v3/api-docs
2026-08-10T16:31:16: 2026-08-10T16:31:16.780-03:00 DEBUG 11004 --- [fastrelax-api] [nio-8090-exec-7] o.s.s.w.a.AnonymousAuthenticationFilter  : Set SecurityContextHolder to anonymous SecurityContext
2026-08-10T16:31:16: 2026-08-10T16:31:16.783-03:00 DEBUG 11004 --- [fastrelax-api] [nio-8090-exec-7] o.s.security.web.FilterChainProxy        : Secured GET /v3/api-docs
